apiFeaturesfeh error sort 


upload images in prouduct

price of the product

add more than one product in the cart 


populate reviews in the prouduct (getall)